main :: (() -> a + Bool * Bool) = Inr ((True, False));
