main :: (() -> a + (e + Int) * i + ()) = Inr ((Inr 1, Inr ()));
