main :: (Int -> Int) = let id :: (Int -> Int) x = x;
                       in id;
