main :: forall k. (Int -> k -> Int) = let g :: (Int -> j -> Int) = (recfun f :: (Int -> j -> Int) x = if (>) x 1
                                                                                                         then let h :: (e -> Int) = (recfun g :: (e -> Int) y = x);
                                                                                                              in h
                                                                                                         else let h :: (h -> Int) = (recfun g :: (h -> Int) y = x);
                                                                                                              in h);
                                      in g;
