main :: forall b. forall g. ((() * Int + g) + b) = Inl (((), Inl 3));
