main :: (() -> p + Bool * Int) = let x :: (b + Bool * Int) = (case Inl ((True, 7)) of Inl x -> Inr x;
                                                                                      Inr y -> Inl y;);
                                 in x;
