main :: forall k. (Int -> k -> Int) = let g :: (Int -> j -> Int) = (recfun f :: (Int -> j -> Int) x = if True
                                                                                                         then let h :: (c -> Int) = (recfun g :: (c -> Int) y = x);
                                                                                                              in h
                                                                                                         else let h :: (f -> Int) = (recfun g :: (f -> Int) y = (+) x 1);
                                                                                                              in h);
                                      in g;
