main :: Int = let f :: forall c. forall a. (a -> c -> a) = (recfun f :: (a -> c -> a) x = (recfun g :: (c -> a) y = x));
              in let g :: forall e. (e -> Int) = f 10;
                 in g 3;
