main :: (() -> Int * (Bool + g) * Bool) = (1, (Inl True, False));
