main :: forall b. forall d. ((Bool + d) + b) = Inl (Inl True);
